Parsing the input arguments.
Values for n_features to test: [2000]
Values for reg to test: [0.0001]
Bias: False
Values for damping to test: [None]
Values for n_clusters to test: [150]
Doing kmeans++ initialisation of cluster centroids
0.6666666666666666
1.3333333333333333
2.0
2.6666666666666665
3.3333333333333335
4.0
4.666666666666667
5.333333333333333
6.0
6.666666666666667
7.333333333333333
8.0
8.666666666666666
9.333333333333334
10.0
10.666666666666666
11.333333333333334
12.0
12.666666666666666
13.333333333333334
14.0
14.666666666666666
15.333333333333334
16.0
16.666666666666668
17.333333333333332
18.0
18.666666666666668
19.333333333333332
20.0
20.666666666666668
21.333333333333332
22.0
22.666666666666668
23.333333333333332
24.0
24.666666666666668
25.333333333333332
26.0
26.666666666666668
27.333333333333332
28.0
28.666666666666668
29.333333333333332
30.0
30.666666666666668
31.333333333333332
32.0
32.666666666666664
33.333333333333336
34.0
34.666666666666664
35.333333333333336
36.0
36.666666666666664
37.333333333333336
38.0
38.666666666666664
39.333333333333336
40.0
40.666666666666664
41.333333333333336
42.0
42.666666666666664
43.333333333333336
44.0
44.666666666666664
45.333333333333336
46.0
46.666666666666664
47.333333333333336
48.0
48.666666666666664
49.333333333333336
50.0
50.666666666666664
51.333333333333336
52.0
52.666666666666664
53.333333333333336
54.0
54.666666666666664
55.333333333333336
56.0
56.666666666666664
57.333333333333336
58.0
58.666666666666664
59.333333333333336
60.0
60.666666666666664
61.333333333333336
62.0
62.666666666666664
63.333333333333336
64.0
64.66666666666667
65.33333333333333
66.0
66.66666666666667
67.33333333333333
68.0
68.66666666666667
69.33333333333333
70.0
70.66666666666667
71.33333333333333
72.0
72.66666666666667
73.33333333333333
74.0
74.66666666666667
75.33333333333333
76.0
76.66666666666667
77.33333333333333
78.0
78.66666666666667
79.33333333333333
80.0
80.66666666666667
81.33333333333333
82.0
82.66666666666667
83.33333333333333
84.0
84.66666666666667
85.33333333333333
86.0
86.66666666666667
87.33333333333333
88.0
88.66666666666667
89.33333333333333
90.0
90.66666666666667
91.33333333333333
92.0
92.66666666666667
93.33333333333333
94.0
94.66666666666667
95.33333333333333
96.0
96.66666666666667
97.33333333333333
98.0
98.66666666666667
99.33333333333333
0 200
69.41549592888768
1 200
83.32807976373485
2 200
89.9010227487646
3 200
93.4076592195297
4 200
95.08508358025111
5 200
96.09910333690576
6 200
96.79984869719556
7 200
97.37984278086796
8 200
97.81047383964813
9 200
98.03063881789835
10 200
98.18145667744861
11 200
98.31578641087441
12 200
98.41180549830511
13 200
98.45981504202048
14 200
98.46514943576662
15 200
98.58493082261201
16 200
98.69113375264901
17 200
98.7013175952553
18 200
98.65864244528609
19 200
98.53013205049245
20 200
98.35021749778137
21 200
98.11501922806472
22 200
98.06506990480531
23 200
98.39919693126876
24 200
98.70034770548327
25 200
98.94233520360412
26 200
99.13097876426345
27 200
99.20469038693753
28 200
99.29149552153397
29 200
99.39575867202693
30 200
99.4515273339185
31 200
99.48983797991359
32 200
99.49614226343176
33 200
99.47092512935905
34 200
99.49080786968561
35 200
99.53105829522475
36 200
99.5611248781576
37 200
99.60670969744288
38 200
99.64647517809601
39 200
99.67508692637082
40 200
99.65762891047433
41 200
99.65617407581628
42 200
99.63483650083168
43 200
99.6353214457177
44 200
99.65568913093027
45 200
99.70515350930367
46 200
99.7100029581638
47 200
99.69157505249528
48 200
99.681391209889
49 200
99.67508692637082
50 200
99.66247835933446
51 200
99.67314714682676
52 200
99.71485240702394
53 200
99.73618998200854
54 200
99.76674150982741
55 200
99.79341347855816
56 200
99.83754346318541
57 200
99.83802840807142
58 200
99.8404531325015
59 200
99.85888103817001
60 200
99.88943256598887
61 200
99.90349596768327
62 200
99.91367981028957
63 200
99.92822815686998
64 200
99.93550233016018
65 200
99.94229155856436
66 200
99.93841199947626
67 200
99.94277650345039
68 200
99.94471628299443
69 200
99.95296034605667
70 200
99.95732485003079
71 200
99.95441518071472
72 200
99.95974957446086
73 200
99.95247540117066
74 200
99.94908078696857
75 200
99.94617111765248
76 200
99.91949914892173
77 200
99.89622179439307
78 200
99.87294443986441
79 200
99.80020270696235
80 200
99.716792186568
81 200
99.70709328884772
82 200
99.7420093206407
83 200
99.78177480129384
84 200
99.82590478592108
85 200
99.858396093284
86 200
99.86761004611826
87 200
99.8831282824707
88 200
99.89864651882314
89 200
99.91755936937767
90 200
99.93938188924828
91 200
99.95005067674059
92 200
99.96605385797903
93 200
99.96217429889093
94 200
99.95150551139864
95 200
99.9612044091189
96 200
99.96750869263708
97 200
99.96265924377694
98 200
99.964599023321
99 200
99.964599023321
100 200
99.96750869263708
101 200
99.96653880286506
102 200
99.97041836195316
103 200
99.97429792104127
104 200
99.97672264547134
105 200
99.97575275569932
106 200
99.97478286592728
107 200
99.97284308638324
108 200
99.96605385797903
109 200
99.96508396820701
110 200
99.95296034605667
111 200
99.95102056651261
112 200
99.94520122788045
113 200
99.94229155856436
114 200
99.94035177902032
115 200
99.9258034324399
116 200
99.93744210970424
117 200
99.94908078696857
118 200
99.94956573185458
119 200
99.94811089719653
120 200
99.94617111765248
121 200
99.95102056651261
122 200
99.9612044091189
123 200
99.95538507048674
124 200
99.9679936375231
125 200
99.97041836195316
126 200
99.97090330683918
127 200
99.97429792104127
128 200
99.98060220455945
129 200
99.98399681876155
130 200
99.9825419841035
131 200
99.9825419841035
132 200
99.98399681876155
133 200
99.98884626762168
134 200
99.99321077159581
135 200
99.9893312125077
136 200
99.9893312125077
137 200
99.99127099205175
138 200
99.98496670853358
139 200
99.99078604716574
140 200
99.99127099205175
141 200
99.99224088182378
142 200
99.99127099205175
143 200
99.99466560625385
144 200
99.99369571648182
145 200
99.99224088182378
146 200
99.9927258267098
147 200
99.98981615739372
148 200
99.99224088182378
149 200
99.99224088182378
150 200
99.99466560625385
151 200
99.99709033068392
152 200
99.99757527556993
153 200
99.99806022045594
154 200
99.9966053857979
155 200
99.99854516534197
156 200
99.99806022045594
157 200
99.99903011022798
158 200
99.99854516534197
159 200
100.0
160 200
stationary clusters, breaking

Testing combination: features=2000, reg=0.0001, n_clusters=150
Epoch: 0
Average hit-rate: 0.064173
Average ndcg@6: 0.000000
Epoch: 1
Average hit-rate: 0.064061
Average ndcg@6: 0.000000
Epoch: 2
Average hit-rate: 0.063072
Average ndcg@6: 0.000000
Epoch: 3
Average hit-rate: 0.064638
Average ndcg@6: 0.000000
Epoch: 4
Average hit-rate: 0.065099
Average ndcg@6: 0.000000
Epoch: 5
Average hit-rate: 0.065579
Average ndcg@6: 0.000000
Epoch: 6
Average hit-rate: 0.068246
Average ndcg@6: 0.000000
Epoch: 7
Average hit-rate: 0.068309
Average ndcg@6: 0.000000
Epoch: 8
Average hit-rate: 0.067902
Average ndcg@6: 0.000000
Epoch: 9
Average hit-rate: 0.068115
Average ndcg@6: 0.000000
Epoch: 10
Average hit-rate: 0.068241
Average ndcg@6: 0.000000
Epoch: 11
Average hit-rate: 0.068227
Average ndcg@6: 0.000000
Epoch: 12
Average hit-rate: 0.068377
Average ndcg@6: 0.000000
Epoch: 13
Average hit-rate: 0.067883
Average ndcg@6: 0.000000
Epoch: 14
Average hit-rate: 0.067878
Average ndcg@6: 0.000000
Epoch: 15
Average hit-rate: 0.067839
Average ndcg@6: 0.000000
Epoch: 16
Average hit-rate: 0.067849
Average ndcg@6: 0.000000
Epoch: 17
Average hit-rate: 0.067495
Average ndcg@6: 0.000000
Epoch: 18
Average hit-rate: 0.067451
Average ndcg@6: 0.000000
Epoch: 19
Average hit-rate: 0.067548
Average ndcg@6: 0.000000

------------------------------------------------------------
Sender: LSF System <lsfadmin@hpc.dtu.dk>
Subject: Job 27258559: <cf_au_aisles> in cluster <dcc> Done

Job <cf_au_aisles> was submitted from host <hpclogin1> by user <s254120> in cluster <dcc> at Wed Dec  3 07:26:25 2025
Job was executed on host(s) <n-62-12-14>, in queue <milan>, as user <s254120> in cluster <dcc> at Wed Dec  3 07:26:25 2025
</zhome/70/1/224436> was used as the home directory.
</zhome/70/1/224436/02807-CT-Project> was used as the working directory.
Started at Wed Dec  3 07:26:25 2025
Terminated at Wed Dec  3 07:31:33 2025
Results reported at Wed Dec  3 07:31:33 2025

Your job looked like:

------------------------------------------------------------
# LSBATCH: User input
#!/bin/sh
#BSUB -J cf_au_aisles
#BSUB -n 1
#BSUB -R "span[hosts=1]"
#BSUB -q milan

#BSUB -R "rusage[mem=8GB]"

### ------------- specify wall-clock time (max allowed is 12:00)---------------- 
#BSUB -W 12:00

#BSUB -o outputs/%J.out
#BSUB -e outputs/%J.err

source .venv/bin/activate
#python pipeline.py
python experiments/cf_user_clusters_aisles_experiments.py \
  --n_features "2000" \
  --reg_vals "0.0001" \
  --bias 0 \
  --n_clusters "150"

------------------------------------------------------------

Successfully completed.

Resource usage summary:

    CPU time :                                   304.41 sec.
    Max Memory :                                 1423 MB
    Average Memory :                             1284.00 MB
    Total Requested Memory :                     8192.00 MB
    Delta Memory :                               6769.00 MB
    Max Swap :                                   -
    Max Processes :                              4
    Max Threads :                                6
    Run time :                                   353 sec.
    Turnaround time :                            308 sec.

The output (if any) is above this job summary.



PS:

Read file <outputs/27258559.err> for stderr output of this job.

