Parsing the input arguments.
Values for n_features to test: [1500]
Values for reg to test: [0.001]
Bias: False
Values for damping to test: [None]
Values for n_clusters to test: [150]
Doing kmeans++ initialisation of cluster centroids
0.6666666666666666
1.3333333333333333
2.0
2.6666666666666665
3.3333333333333335
4.0
4.666666666666667
5.333333333333333
6.0
6.666666666666667
7.333333333333333
8.0
8.666666666666666
9.333333333333334
10.0
10.666666666666666
11.333333333333334
12.0
12.666666666666666
13.333333333333334
14.0
14.666666666666666
15.333333333333334
16.0
16.666666666666668
17.333333333333332
18.0
18.666666666666668
19.333333333333332
20.0
20.666666666666668
21.333333333333332
22.0
22.666666666666668
23.333333333333332
24.0
24.666666666666668
25.333333333333332
26.0
26.666666666666668
27.333333333333332
28.0
28.666666666666668
29.333333333333332
30.0
30.666666666666668
31.333333333333332
32.0
32.666666666666664
33.333333333333336
34.0
34.666666666666664
35.333333333333336
36.0
36.666666666666664
37.333333333333336
38.0
38.666666666666664
39.333333333333336
40.0
40.666666666666664
41.333333333333336
42.0
42.666666666666664
43.333333333333336
44.0
44.666666666666664
45.333333333333336
46.0
46.666666666666664
47.333333333333336
48.0
48.666666666666664
49.333333333333336
50.0
50.666666666666664
51.333333333333336
52.0
52.666666666666664
53.333333333333336
54.0
54.666666666666664
55.333333333333336
56.0
56.666666666666664
57.333333333333336
58.0
58.666666666666664
59.333333333333336
60.0
60.666666666666664
61.333333333333336
62.0
62.666666666666664
63.333333333333336
64.0
64.66666666666667
65.33333333333333
66.0
66.66666666666667
67.33333333333333
68.0
68.66666666666667
69.33333333333333
70.0
70.66666666666667
71.33333333333333
72.0
72.66666666666667
73.33333333333333
74.0
74.66666666666667
75.33333333333333
76.0
76.66666666666667
77.33333333333333
78.0
78.66666666666667
79.33333333333333
80.0
80.66666666666667
81.33333333333333
82.0
82.66666666666667
83.33333333333333
84.0
84.66666666666667
85.33333333333333
86.0
86.66666666666667
87.33333333333333
88.0
88.66666666666667
89.33333333333333
90.0
90.66666666666667
91.33333333333333
92.0
92.66666666666667
93.33333333333333
94.0
94.66666666666667
95.33333333333333
96.0
96.66666666666667
97.33333333333333
98.0
98.66666666666667
99.33333333333333
0 200
72.67772017710188
1 200
86.24841786730939
2 200
91.03482389226464
3 200
93.21174148558016
4 200
94.90710880708407
5 200
95.88039319331358
6 200
96.66163940468165
7 200
97.14464451115131
8 200
97.63104423182305
9 200
98.01463563665989
10 200
98.29978322963595
11 200
98.53449655446659
12 200
98.69016386287699
13 200
98.77890877701749
14 200
98.8249785411888
15 200
98.77987866678951
16 200
98.72556483955599
17 200
98.75126691851472
18 200
98.88753643148456
19 200
99.00974254276001
20 200
99.16589479605643
21 200
99.26239882837315
22 200
99.3773307663584
23 200
99.45589183789262
24 200
99.49856698786184
25 200
99.53736257874293
26 200
99.57567322473801
27 200
99.5965258548366
28 200
99.60670969744288
29 200
99.64114078434986
30 200
99.66635791842258
31 200
99.67363209171278
32 200
99.6712073672827
33 200
99.66538802865054
34 200
99.66296330422047
35 200
99.64114078434986
36 200
99.59749574460862
37 200
99.56791410656179
38 200
99.5257239014786
39 200
99.52135939750447
40 200
99.54900125600726
41 200
99.59507102017855
42 200
99.66684286330859
43 200
99.7133975723659
44 200
99.74443404507078
45 200
99.77207590357357
46 200
99.80214248650641
47 200
99.83511873875534
48 200
99.85160686487981
49 200
99.88118850292665
50 200
99.90349596768327
51 200
99.92289376312382
52 200
99.92046903869375
53 200
99.92677332221193
54 200
99.93501738527416
55 200
99.93889694436227
56 200
99.94132166879234
57 200
99.94762595231052
58 200
99.94520122788045
59 200
99.95538507048674
60 200
99.95150551139864
61 200
99.95829473980282
62 200
99.95490012560073
63 200
99.95102056651261
64 200
99.95441518071472
65 200
99.9505356216266
66 200
99.93550233016018
67 200
99.93938188924828
68 200
99.93016793641402
69 200
99.92046903869375
70 200
99.92677332221193
71 200
99.92677332221193
72 200
99.92095398357976
73 200
99.9151346449476
74 200
99.91561958983361
75 200
99.92143892846578
76 200
99.92192387335179
77 200
99.9258034324399
78 200
99.92628837732592
79 200
99.9253184875539
80 200
99.91222497563152
81 200
99.90689058188536
82 200
99.90010135348118
83 200
99.87682399895252
84 200
99.86130576260008
85 200
99.83802840807142
86 200
99.81184138422668
87 200
99.75801250187916
88 200
99.73618998200854
89 200
99.73667492689457
90 200
99.75461788767707
91 200
99.77401568311761
92 200
99.79535325810221
93 200
99.80359732116445
94 200
99.8409380773875
95 200
99.86033587282806
96 200
99.89573684950706
97 200
99.9190142040357
98 200
99.9258034324399
99 200
99.93016793641402
100 200
99.9466560625385
101 200
99.95296034605667
102 200
99.96217429889093
103 200
99.964599023321
104 200
99.96653880286506
105 200
99.97381297615526
106 200
99.9786624250154
107 200
99.98448176364757
108 200
99.99078604716574
109 200
99.9927258267098
110 200
99.99418066136784
111 200
99.99466560625385
112 200
99.99418066136784
113 200
99.9927258267098
114 200
99.99078604716574
115 200
99.9927258267098
116 200
99.99175593693776
117 200
99.99369571648182
118 200
99.99321077159581
119 200
99.99369571648182
120 200
99.99369571648182
121 200
99.99466560625385
122 200
99.99321077159581
123 200
99.99369571648182
124 200
99.99466560625385
125 200
99.99563549602588
126 200
99.9961204409119
127 200
99.99806022045594
128 200
99.99806022045594
129 200
99.99806022045594
130 200
99.99854516534197
131 200
99.99757527556993
132 200
99.99806022045594
133 200
99.99951505511399
134 200
99.99854516534197
135 200
99.99806022045594
136 200
99.99757527556993
137 200
99.99563549602588
138 200
99.99515055113986
139 200
99.99563549602588
140 200
99.9966053857979
141 200
99.99757527556993
142 200
99.99806022045594
143 200
99.99806022045594
144 200
99.99806022045594
145 200
99.99757527556993
146 200
99.99951505511399
147 200
99.99951505511399
148 200
99.99951505511399
149 200
99.99903011022798
150 200
100.0
151 200
stationary clusters, breaking

Testing combination: features=1500, reg=0.001, n_clusters=150
Epoch: 0
Average hit-rate: 0.001130
Average ndcg@6: 0.000404
Epoch: 1
Average hit-rate: 0.001591
Average ndcg@6: 0.000442
Epoch: 2
Average hit-rate: 0.001688
Average ndcg@6: 0.000440
Epoch: 3
Average hit-rate: 0.001673
Average ndcg@6: 0.000406
Average ndcg@6 (0.000406) is lower than the previous ndcg@6 (0.000440).
Early stopping is triggered after 4 epochs

------------------------------------------------------------
Sender: LSF System <lsfadmin@hpc.dtu.dk>
Subject: Job 27258560: <cf_uc_ai> in cluster <dcc> Done

Job <cf_uc_ai> was submitted from host <hpclogin1> by user <s254120> in cluster <dcc> at Wed Dec  3 07:27:32 2025
Job was executed on host(s) <n-62-12-15>, in queue <milan>, as user <s254120> in cluster <dcc> at Wed Dec  3 07:27:32 2025
</zhome/70/1/224436> was used as the home directory.
</zhome/70/1/224436/02807-CT-Project> was used as the working directory.
Started at Wed Dec  3 07:27:32 2025
Terminated at Wed Dec  3 07:31:24 2025
Results reported at Wed Dec  3 07:31:24 2025

Your job looked like:

------------------------------------------------------------
# LSBATCH: User input
#!/bin/sh
#BSUB -J cf_uc_ai
#BSUB -n 1
#BSUB -R "span[hosts=1]"
#BSUB -q milan

#BSUB -R "rusage[mem=8GB]"

### ------------- specify wall-clock time (max allowed is 12:00)---------------- 
#BSUB -W 12:00

#BSUB -o outputs/%J.out
#BSUB -e outputs/%J.err

source .venv/bin/activate
#python pipeline.py
python experiments/cf_user_clusters_all_items_experiments.py \
  --n_features "1500" \
  --reg_vals "0.001" \
  --bias 0 \
  --n_clusters "150"

------------------------------------------------------------

Successfully completed.

Resource usage summary:

    CPU time :                                   229.62 sec.
    Max Memory :                                 2010 MB
    Average Memory :                             1606.00 MB
    Total Requested Memory :                     8192.00 MB
    Delta Memory :                               6182.00 MB
    Max Swap :                                   -
    Max Processes :                              4
    Max Threads :                                6
    Run time :                                   256 sec.
    Turnaround time :                            232 sec.

The output (if any) is above this job summary.



PS:

Read file <outputs/27258560.err> for stderr output of this job.

