Path to dataset files: /zhome/78/f/224081/.cache/kagglehub/datasets/yasserh/instacart-online-grocery-basket-analysis-dataset/versions/1
Starting: 2025-11-18 16:38:46.236898
Ending: 2025-11-18 16:40:46.303936
Ended in: 0:02:00.067054

------------------------------------------------------------
Sender: LSF System <lsfadmin@hpc.dtu.dk>
Subject: Job 27075681: <test_ct_aks> in cluster <dcc> Done

Job <test_ct_aks> was submitted from host <hpclogin1> by user <s253844> in cluster <dcc> at Tue Nov 18 16:38:44 2025
Job was executed on host(s) <n-62-31-1>, in queue <hpc>, as user <s253844> in cluster <dcc> at Tue Nov 18 16:38:45 2025
</zhome/78/f/224081> was used as the home directory.
</zhome/78/f/224081/Computational_tools/02807-CT-Project> was used as the working directory.
Started at Tue Nov 18 16:38:45 2025
Terminated at Tue Nov 18 16:40:46 2025
Results reported at Tue Nov 18 16:40:46 2025

Your job looked like:

------------------------------------------------------------
# LSBATCH: User input
#!/bin/sh
### ------------- specify job name ----------------
#BSUB -J test_ct_aks 
### ------------- specify number of cores ----------------
#BSUB -n 1
#BSUB -R "span[hosts=1]"

#BSUB -R "rusage[mem=20GB]"

### ------------- specify wall-clock time (max allowed is 12:00)---------------- 
#BSUB -W 01:00

#BSUB -o outputs/out/OUTPUT_FILE%J.out
#BSUB -e outputs/err/OUTPUT_FILE%J.err

source .venv/bin/activate
python pipeline.py

------------------------------------------------------------

Successfully completed.

Resource usage summary:

    CPU time :                                   112.25 sec.
    Max Memory :                                 8317 MB
    Average Memory :                             5261.33 MB
    Total Requested Memory :                     20480.00 MB
    Delta Memory :                               12163.00 MB
    Max Swap :                                   -
    Max Processes :                              5
    Max Threads :                                7
    Run time :                                   170 sec.
    Turnaround time :                            122 sec.

The output (if any) is above this job summary.



PS:

Read file <outputs/err/OUTPUT_FILE27075681.err> for stderr output of this job.

